../Core/Src/stm32f4xx_hal_msp.c:63:6:HAL_MspInit	8	static
../Core/Src/stm32f4xx_hal_msp.c:87:6:HAL_ADC_MspInit	40	static
../Core/Src/stm32f4xx_hal_msp.c:124:6:HAL_ADC_MspDeInit	8	static
../Core/Src/stm32f4xx_hal_msp.c:155:6:HAL_I2C_MspInit	40	static
../Core/Src/stm32f4xx_hal_msp.c:196:6:HAL_I2C_MspDeInit	8	static
../Core/Src/stm32f4xx_hal_msp.c:230:6:HAL_TIM_Base_MspInit	16	static
../Core/Src/stm32f4xx_hal_msp.c:255:6:HAL_TIM_Base_MspDeInit	0	static
../Core/Src/stm32f4xx_hal_msp.c:280:6:HAL_UART_MspInit	40	static
../Core/Src/stm32f4xx_hal_msp.c:319:6:HAL_UART_MspDeInit	8	static
