Archive member included to satisfy reference by file (symbol)

/Applications/STM32CubeIDE.app/Contents/Eclipse/plugins/com.st.stm32cube.ide.mcu.externaltools.gnu-tools-for-stm32.10.3-2021.10.macos64_1.0.100.202210260954/tools/bin/../lib/gcc/arm-none-eabi/10.3.1/../../../../arm-none-eabi/lib/thumb/v7e-m+fp/hard/libc_nano.a(lib_a-errno.o)
                              ./Core/Src/syscalls.o (__errno)
/Applications/STM32CubeIDE.app/Contents/Eclipse/plugins/com.st.stm32cube.ide.mcu.externaltools.gnu-tools-for-stm32.10.3-2021.10.macos64_1.0.100.202210260954/tools/bin/../lib/gcc/arm-none-eabi/10.3.1/../../../../arm-none-eabi/lib/thumb/v7e-m+fp/hard/libc_nano.a(lib_a-exit.o)
                              /Applications/STM32CubeIDE.app/Contents/Eclipse/plugins/com.st.stm32cube.ide.mcu.externaltools.gnu-tools-for-stm32.10.3-2021.10.macos64_1.0.100.202210260954/tools/bin/../lib/gcc/arm-none-eabi/10.3.1/../../../../arm-none-eabi/lib/thumb/v7e-m+fp/hard/crt0.o (exit)
/Applications/STM32CubeIDE.app/Contents/Eclipse/plugins/com.st.stm32cube.ide.mcu.externaltools.gnu-tools-for-stm32.10.3-2021.10.macos64_1.0.100.202210260954/tools/bin/../lib/gcc/arm-none-eabi/10.3.1/../../../../arm-none-eabi/lib/thumb/v7e-m+fp/hard/libc_nano.a(lib_a-impure.o)
                              /Applications/STM32CubeIDE.app/Contents/Eclipse/plugins/com.st.stm32cube.ide.mcu.externaltools.gnu-tools-for-stm32.10.3-2021.10.macos64_1.0.100.202210260954/tools/bin/../lib/gcc/arm-none-eabi/10.3.1/../../../../arm-none-eabi/lib/thumb/v7e-m+fp/hard/libc_nano.a(lib_a-exit.o) (_global_impure_ptr)
/Applications/STM32CubeIDE.app/Contents/Eclipse/plugins/com.st.stm32cube.ide.mcu.externaltools.gnu-tools-for-stm32.10.3-2021.10.macos64_1.0.100.202210260954/tools/bin/../lib/gcc/arm-none-eabi/10.3.1/../../../../arm-none-eabi/lib/thumb/v7e-m+fp/hard/libc_nano.a(lib_a-init.o)
                              /Applications/STM32CubeIDE.app/Contents/Eclipse/plugins/com.st.stm32cube.ide.mcu.externaltools.gnu-tools-for-stm32.10.3-2021.10.macos64_1.0.100.202210260954/tools/bin/../lib/gcc/arm-none-eabi/10.3.1/../../../../arm-none-eabi/lib/thumb/v7e-m+fp/hard/crt0.o (__libc_init_array)
/Applications/STM32CubeIDE.app/Contents/Eclipse/plugins/com.st.stm32cube.ide.mcu.externaltools.gnu-tools-for-stm32.10.3-2021.10.macos64_1.0.100.202210260954/tools/bin/../lib/gcc/arm-none-eabi/10.3.1/../../../../arm-none-eabi/lib/thumb/v7e-m+fp/hard/libc_nano.a(lib_a-malloc.o)
                              ./Core/Src/components/ad5280_driver.o (malloc)
/Applications/STM32CubeIDE.app/Contents/Eclipse/plugins/com.st.stm32cube.ide.mcu.externaltools.gnu-tools-for-stm32.10.3-2021.10.macos64_1.0.100.202210260954/tools/bin/../lib/gcc/arm-none-eabi/10.3.1/../../../../arm-none-eabi/lib/thumb/v7e-m+fp/hard/libc_nano.a(lib_a-memset.o)
                              /Applications/STM32CubeIDE.app/Contents/Eclipse/plugins/com.st.stm32cube.ide.mcu.externaltools.gnu-tools-for-stm32.10.3-2021.10.macos64_1.0.100.202210260954/tools/bin/../lib/gcc/arm-none-eabi/10.3.1/../../../../arm-none-eabi/lib/thumb/v7e-m+fp/hard/crt0.o (memset)
/Applications/STM32CubeIDE.app/Contents/Eclipse/plugins/com.st.stm32cube.ide.mcu.externaltools.gnu-tools-for-stm32.10.3-2021.10.macos64_1.0.100.202210260954/tools/bin/../lib/gcc/arm-none-eabi/10.3.1/../../../../arm-none-eabi/lib/thumb/v7e-m+fp/hard/libc_nano.a(lib_a-nano-freer.o)
                              /Applications/STM32CubeIDE.app/Contents/Eclipse/plugins/com.st.stm32cube.ide.mcu.externaltools.gnu-tools-for-stm32.10.3-2021.10.macos64_1.0.100.202210260954/tools/bin/../lib/gcc/arm-none-eabi/10.3.1/../../../../arm-none-eabi/lib/thumb/v7e-m+fp/hard/libc_nano.a(lib_a-malloc.o) (_free_r)
/Applications/STM32CubeIDE.app/Contents/Eclipse/plugins/com.st.stm32cube.ide.mcu.externaltools.gnu-tools-for-stm32.10.3-2021.10.macos64_1.0.100.202210260954/tools/bin/../lib/gcc/arm-none-eabi/10.3.1/../../../../arm-none-eabi/lib/thumb/v7e-m+fp/hard/libc_nano.a(lib_a-nano-mallocr.o)
                              /Applications/STM32CubeIDE.app/Contents/Eclipse/plugins/com.st.stm32cube.ide.mcu.externaltools.gnu-tools-for-stm32.10.3-2021.10.macos64_1.0.100.202210260954/tools/bin/../lib/gcc/arm-none-eabi/10.3.1/../../../../arm-none-eabi/lib/thumb/v7e-m+fp/hard/libc_nano.a(lib_a-malloc.o) (_malloc_r)
/Applications/STM32CubeIDE.app/Contents/Eclipse/plugins/com.st.stm32cube.ide.mcu.externaltools.gnu-tools-for-stm32.10.3-2021.10.macos64_1.0.100.202210260954/tools/bin/../lib/gcc/arm-none-eabi/10.3.1/../../../../arm-none-eabi/lib/thumb/v7e-m+fp/hard/libc_nano.a(lib_a-sbrkr.o)
                              /Applications/STM32CubeIDE.app/Contents/Eclipse/plugins/com.st.stm32cube.ide.mcu.externaltools.gnu-tools-for-stm32.10.3-2021.10.macos64_1.0.100.202210260954/tools/bin/../lib/gcc/arm-none-eabi/10.3.1/../../../../arm-none-eabi/lib/thumb/v7e-m+fp/hard/libc_nano.a(lib_a-nano-mallocr.o) (_sbrk_r)
[...]
Memory Configuration

Name             Origin             Length             Attributes
RAM              0x0000000020000000 0x0000000000018000 xrw
FLASH            0x0000000008000000 0x0000000000080000 xr
*default*        0x0000000000000000 0xffffffffffffffff

Linker script and memory map

LOAD /Applications/STM32CubeIDE.app/Contents/Eclipse/plugins/com.st.stm32cube.ide.mcu.externaltools.gnu-tools-for-stm32.10.3-2021.10.macos64_1.0.100.202210260954/tools/bin/../lib/gcc/arm-none-eabi/10.3.1/thumb/v7e-m+fp/hard/crti.o
LOAD /Applications/STM32CubeIDE.app/Contents/Eclipse/plugins/com.st.stm32cube.ide.mcu.externaltools.gnu-tools-for-stm32.10.3-2021.10.macos64_1.0.100.202210260954/tools/bin/../lib/gcc/arm-none-eabi/10.3.1/thumb/v7e-m+fp/hard/crtbegin.o
LOAD /Applications/STM32CubeIDE.app/Contents/Eclipse/plugins/com.st.stm32cube.ide.mcu.externaltools.gnu-tools-for-stm32.10.3-2021.10.macos64_1.0.100.202210260954/tools/bin/../lib/gcc/arm-none-eabi/10.3.1/../../../../arm-none-eabi/lib/thumb/v7e-m+fp/hard/crt0.o
LOAD ./Core/Src/components/PMU.o
LOAD ./Core/Src/components/ad5280_driver.o
LOAD ./Core/Src/components/adc.o
LOAD ./Core/Src/components/chronoamperometry.o
LOAD ./Core/Src/components/cobs.o
LOAD ./Core/Src/components/cyclic_voltammetry.o
LOAD ./Core/Src/components/formulas.o
LOAD ./Core/Src/components/i2c_lib.o
LOAD ./Core/Src/components/masb_comm_s.o
LOAD ./Core/Src/components/mcp4725_driver.o
LOAD ./Core/Src/components/rele.o
LOAD ./Core/Src/components/stm32main.o
LOAD ./Core/Src/components/timers.o
LOAD ./Core/Src/main.o
LOAD ./Core/Src/stm32f4xx_hal_msp.o
LOAD ./Core/Src/stm32f4xx_it.o
LOAD ./Core/Src/syscalls.o
LOAD ./Core/Src/sysmem.o
LOAD ./Core/Src/system_stm32f4xx.o
LOAD ./Core/Startup/startup_stm32f401retx.o
LOAD ./Drivers/STM32F4xx_HAL_Driver/Src/stm32f4xx_hal.o
LOAD ./Drivers/STM32F4xx_HAL_Driver/Src/stm32f4xx_hal_adc.o
LOAD ./Drivers/STM32F4xx_HAL_Driver/Src/stm32f4xx_hal_adc_ex.o
LOAD ./Drivers/STM32F4xx_HAL_Driver/Src/stm32f4xx_hal_cortex.o
LOAD ./Drivers/STM32F4xx_HAL_Driver/Src/stm32f4xx_hal_dma.o
LOAD ./Drivers/STM32F4xx_HAL_Driver/Src/stm32f4xx_hal_dma_ex.o
LOAD ./Drivers/STM32F4xx_HAL_Driver/Src/stm32f4xx_hal_exti.o
LOAD ./Drivers/STM32F4xx_HAL_Driver/Src/stm32f4xx_hal_flash.o
LOAD ./Drivers/STM32F4xx_HAL_Driver/Src/stm32f4xx_hal_flash_ex.o
LOAD ./Drivers/STM32F4xx_HAL_Driver/Src/stm32f4xx_hal_flash_ramfunc.o
LOAD ./Drivers/STM32F4xx_HAL_Driver/Src/stm32f4xx_hal_gpio.o
LOAD ./Drivers/STM32F4xx_HAL_Driver/Src/stm32f4xx_hal_i2c.o
LOAD ./Drivers/STM32F4xx_HAL_Driver/Src/stm32f4xx_hal_i2c_ex.o
LOAD ./Drivers/STM32F4xx_HAL_Driver/Src/stm32f4xx_hal_pwr.o
LOAD ./Drivers/STM32F4xx_HAL_Driver/Src/stm32f4xx_hal_pwr_ex.o
LOAD ./Drivers/STM32F4xx_HAL_Driver/Src/stm32f4xx_hal_rcc.o
LOAD ./Drivers/STM32F4xx_HAL_Driver/Src/stm32f4xx_hal_rcc_ex.o
LOAD ./Drivers/STM32F4xx_HAL_Driver/Src/stm32f4xx_hal_tim.o
LOAD ./Drivers/STM32F4xx_HAL_Driver/Src/stm32f4xx_hal_tim_ex.o
LOAD ./Drivers/STM32F4xx_HAL_Driver/Src/stm32f4xx_hal_uart.o
LOAD ./Drivers/STM32F4xx_HAL_Driver/Src/stm32f4xx_ll_adc.o
START GROUP
LOAD /Applications/STM32CubeIDE.app/Contents/Eclipse/plugins/com.st.stm32cube.ide.mcu.externaltools.gnu-tools-for-stm32.10.3-2021.10.macos64_1.0.100.202210260954/tools/bin/../lib/gcc/arm-none-eabi/10.3.1/../../../../arm-none-eabi/lib/thumb/v7e-m+fp/hard/libc_nano.a
LOAD /Applications/STM32CubeIDE.app/Contents/Eclipse/plugins/com.st.stm32cube.ide.mcu.externaltools.gnu-tools-for-stm32.10.3-2021.10.macos64_1.0.100.202210260954/tools/bin/../lib/gcc/arm-none-eabi/10.3.1/../../../../arm-none-eabi/lib/thumb/v7e-m+fp/hard/libm.a
END GROUP
START GROUP
LOAD /Applications/STM32CubeIDE.app/Contents/Eclipse/plugins/com.st.stm32cube.ide.mcu.externaltools.gnu-tools-for-stm32.10.3-2021.10.macos64_1.0.100.202210260954/tools/bin/../lib/gcc/arm-none-eabi/10.3.1/thumb/v7e-m+fp/hard/libgcc.a
LOAD /Applications/STM32CubeIDE.app/Contents/Eclipse/plugins/com.st.stm32cube.ide.mcu.externaltools.gnu-tools-for-stm32.10.3-2021.10.macos64_1.0.100.202210260954/tools/bin/../lib/gcc/arm-none-eabi/10.3.1/../../../../arm-none-eabi/lib/thumb/v7e-m+fp/hard/libc_nano.a
END GROUP
START GROUP
LOAD /Applications/STM32CubeIDE.app/Contents/Eclipse/plugins/com.st.stm32cube.ide.mcu.externaltools.gnu-tools-for-stm32.10.3-2021.10.macos64_1.0.100.202210260954/tools/bin/../lib/gcc/arm-none-eabi/10.3.1/thumb/v7e-m+fp/hard/libgcc.a
LOAD /Applications/STM32CubeIDE.app/Contents/Eclipse/plugins/com.st.stm32cube.ide.mcu.externaltools.gnu-tools-for-stm32.10.3-2021.10.macos64_1.0.100.202210260954/tools/bin/../lib/gcc/arm-none-eabi/10.3.1/../../../../arm-none-eabi/lib/thumb/v7e-m+fp/hard/libc_nano.a
LOAD /Applications/STM32CubeIDE.app/Contents/Eclipse/plugins/com.st.stm32cube.ide.mcu.externaltools.gnu-tools-for-stm32.10.3-2021.10.macos64_1.0.100.202210260954/tools/bin/../lib/gcc/arm-none-eabi/10.3.1/../../../../arm-none-eabi/lib/thumb/v7e-m+fp/hard/libnosys.a
END GROUP
START GROUP
LOAD /Applications/STM32CubeIDE.app/Contents/Eclipse/plugins/com.st.stm32cube.ide.mcu.externaltools.gnu-tools-for-stm32.10.3-2021.10.macos64_1.0.100.202210260954/tools/bin/../lib/gcc/arm-none-eabi/10.3.1/thumb/v7e-m+fp/hard/libgcc.a
LOAD /Applications/STM32CubeIDE.app/Contents/Eclipse/plugins/com.st.stm32cube.ide.mcu.externaltools.gnu-tools-for-stm32.10.3-2021.10.macos64_1.0.100.202210260954/tools/bin/../lib/gcc/arm-none-eabi/10.3.1/../../../../arm-none-eabi/lib/thumb/v7e-m+fp/hard/libc_nano.a
LOAD /Applications/STM32CubeIDE.app/Contents/Eclipse/plugins/com.st.stm32cube.ide.mcu.externaltools.gnu-tools-for-stm32.10.3-2021.10.macos64_1.0.100.202210260954/tools/bin/../lib/gcc/arm-none-eabi/10.3.1/../../../../arm-none-eabi/lib/thumb/v7e-m+fp/hard/libnosys.a
END GROUP
LOAD /Applications/STM32CubeIDE.app/Contents/Eclipse/plugins/com.st.stm32cube.ide.mcu.externaltools.gnu-tools-for-stm32.10.3-2021.10.macos64_1.0.100.202210260954/tools/bin/../lib/gcc/arm-none-eabi/10.3.1/thumb/v7e-m+fp/hard/crtend.o
LOAD /Applications/STM32CubeIDE.app/Contents/Eclipse/plugins/com.st.stm32cube.ide.mcu.externaltools.gnu-tools-for-stm32.10.3-2021.10.macos64_1.0.100.202210260954/tools/bin/../lib/gcc/arm-none-eabi/10.3.1/thumb/v7e-m+fp/hard/crtn.o
                0x0000000020018000                _estack = (ORIGIN (RAM) + LENGTH (RAM))
                0x0000000000000200                _Min_Heap_Size = 0x200
                0x0000000000000400                _Min_Stack_Size = 0x400

.isr_vector     0x0000000008000000      0x194
                0x0000000008000000                . = ALIGN (0x4)
 *(.isr_vector)
 .isr_vector    0x0000000008000000      0x194 ./Core/Startup/startup_stm32f401retx.o
                0x0000000008000000                g_pfnVectors
                0x0000000008000194                . = ALIGN (0x4)

.text           0x0000000008000198     0x3ae4
                0x0000000008000198                . = ALIGN (0x4)
 *(.text)
 .text          0x0000000008000198       0x40 /Applications/STM32CubeIDE.app/Contents/Eclipse/plugins/com.st.stm32cube.ide.mcu.externaltools.gnu-tools-for-stm32.10.3-2021.10.macos64_1.0.100.202210260954/tools/bin/../lib/gcc/arm-none-eabi/10.3.1/thumb/v7e-m+fp/hard/crtbegin.o
 .text          0x00000000080001d8      0x378 /Applications/STM32CubeIDE.app/Contents/Eclipse/plugins/com.st.stm32cube.ide.mcu.externaltools.gnu-tools-for-stm32.10.3-2021.10.macos64_1.0.100.202210260954/tools/bin/../lib/gcc/arm-none-eabi/10.3.1/thumb/v7e-m+fp/hard/libgcc.a(_arm_addsubdf3.o)
                0x00000000080001d8                __aeabi_drsub
                0x00000000080001e0                __subdf3
                0x00000000080001e0                __aeabi_dsub
                0x00000000080001e4                __aeabi_dadd
                0x00000000080001e4                __adddf3
                0x000000000800045c                __aeabi_ui2d
                0x000000000800045c                __floatunsidf
                0x000000000800047c                __floatsidf
                0x000000000800047c                __aeabi_i2d
                0x00000000080004a0                __extendsfdf2
                0x00000000080004a0                __aeabi_f2d
                0x00000000080004e4                __aeabi_ul2d
                0x00000000080004e4                __floatundidf
                0x00000000080004f4                __aeabi_l2d
                0x00000000080004f4                __floatdidf
 .text          0x0000000008000550      0x424 /Applications/STM32CubeIDE.app/Contents/Eclipse/plugins/com.st.stm32cube.ide.mcu.externaltools.gnu-tools-for-stm32.10.3-2021.10.macos64_1.0.100.202210260954/tools/bin/../lib/gcc/arm-none-eabi/10.3.1/thumb/v7e-m+fp/hard/libgcc.a(_arm_muldivdf3.o)
                0x0000000008000550                __aeabi_dmul
                0x0000000008000550                __muldf3
                0x00000000080007a4                __aeabi_ddiv
                0x00000000080007a4                __divdf3
 .text          0x0000000008000974       0x40 /Applications/STM32CubeIDE.app/Contents/Eclipse/plugins/com.st.stm32cube.ide.mcu.externaltools.gnu-tools-for-stm32.10.3-2021.10.macos64_1.0.100.202210260954/tools/bin/../lib/gcc/arm-none-eabi/10.3.1/thumb/v7e-m+fp/hard/libgcc.a(_arm_fixunsdfsi.o)
                0x0000000008000974                __fixunsdfsi
                0x0000000008000974                __aeabi_d2uiz
 .text          0x00000000080009b4       0x30 /Applications/STM32CubeIDE.app/Contents/Eclipse/plugins/com.st.stm32cube.ide.mcu.externaltools.gnu-tools-for-stm32.10.3-2021.10.macos64_1.0.100.202210260954/tools/bin/../lib/gcc/arm-none-eabi/10.3.1/thumb/v7e-m+fp/hard/libgcc.a(_aeabi_uldivmod.o)
                0x00000000080009b4                __aeabi_uldivmod
 .text          0x00000000080009e4      0x2d0 /Applications/STM32CubeIDE.app/Contents/Eclipse/plugins/com.st.stm32cube.ide.mcu.externaltools.gnu-tools-for-stm32.10.3-2021.10.macos64_1.0.100.202210260954/tools/bin/../lib/gcc/arm-none-eabi/10.3.1/thumb/v7e-m+fp/hard/libgcc.a(_udivmoddi4.o)
                0x00000000080009e4                __udivmoddi4
 .text          0x0000000008000cb4        0x4 /Applications/STM32CubeIDE.app/Contents/Eclipse/plugins/com.st.stm32cube.ide.mcu.externaltools.gnu-tools-for-stm32.10.3-2021.10.macos64_1.0.100.202210260954/tools/bin/../lib/gcc/arm-none-eabi/10.3.1/thumb/v7e-m+fp/hard/libgcc.a(_dvmd_tls.o)
                0x0000000008000cb4                __aeabi_ldiv0
                0x0000000008000cb4                __aeabi_idiv0
 *(.text*)
 .text.Start_PMU
                0x0000000008000cb8       0x1c ./Core/Src/components/PMU.o
                0x0000000008000cb8                Start_PMU
 .text.AD5280_Init
                0x0000000008000cd4        0x6 ./Core/Src/components/ad5280_driver.o
                0x0000000008000cd4                AD5280_Init
 .text.AD5280_ConfigSlaveAddress
                0x0000000008000cda        0x4 ./Core/Src/components/ad5280_driver.o
                0x0000000008000cda                AD5280_ConfigSlaveAddress
 .text.AD5280_ConfigWriteFunction
                0x0000000008000cde        0x4 ./Core/Src/components/ad5280_driver.o
                0x0000000008000cde                AD5280_ConfigWriteFunction
 .text.AD5280_ConfigNominalResistorValue
                0x0000000008000ce2        0x6 ./Core/Src/components/ad5280_driver.o
                0x0000000008000ce2                AD5280_ConfigNominalResistorValue
 .text.AD5280_SetWBResistance
                0x0000000008000ce8       0x5c ./Core/Src/components/ad5280_driver.o
                0x0000000008000ce8                AD5280_SetWBResistance
 .text.COBS_encode
                0x0000000008000d44       0x48 ./Core/Src/components/cobs.o
                0x0000000008000d44                COBS_encode
 .text.COBS_decode
                0x0000000008000d8c       0x4e ./Core/Src/components/cobs.o
                0x0000000008000d8c                COBS_decode
 .text.I2C_init
                0x0000000008000dda        0x2 ./Core/Src/components/i2c_lib.o
                0x0000000008000dda                I2C_init
 .text.I2C_write
                0x0000000008000ddc        0x2 ./Core/Src/components/i2c_lib.o
                0x0000000008000ddc                I2C_write
 *fill*         0x0000000008000dde        0x2 
 .text.saveByteArrayAsDoubleFromBuffer.constprop.0
                0x0000000008000de0       0x20 ./Core/Src/components/masb_comm_s.o
 .text.MASB_COMM_S_waitForMessage
                0x0000000008000e00       0x24 ./Core/Src/components/masb_comm_s.o
                0x0000000008000e00                MASB_COMM_S_waitForMessage
 .text.MASB_COMM_S_dataReceived
                0x0000000008000e24       0x28 ./Core/Src/components/masb_comm_s.o
                0x0000000008000e24                MASB_COMM_S_dataReceived
 .text.MASB_COMM_S_command
                0x0000000008000e4c        0xc ./Core/Src/components/masb_comm_s.o
                0x0000000008000e4c                MASB_COMM_S_command
 .text.MASB_COMM_S_getCvConfiguration
                0x0000000008000e58       0x58 ./Core/Src/components/masb_comm_s.o
                0x0000000008000e58                MASB_COMM_S_getCvConfiguration
 .text.MASB_COMM_S_getCaConfiguration
                0x0000000008000eb0       0x2c ./Core/Src/components/masb_comm_s.o
                0x0000000008000eb0                MASB_COMM_S_getCaConfiguration
 .text.MASB_COMM_S_sendData
                0x0000000008000edc       0x74 ./Core/Src/components/masb_comm_s.o
                0x0000000008000edc                MASB_COMM_S_sendData
 .text.HAL_UART_RxCpltCallback
                0x0000000008000f50       0x34 ./Core/Src/components/masb_comm_s.o
                0x0000000008000f50                HAL_UART_RxCpltCallback
 .text.MCP4725_Init
                0x0000000008000f84        0x6 ./Core/Src/components/mcp4725_driver.o
                0x0000000008000f84                MCP4725_Init
 .text.MCP4725_ConfigSlaveAddress
                0x0000000008000f8a        0x4 ./Core/Src/components/mcp4725_driver.o
                0x0000000008000f8a                MCP4725_ConfigSlaveAddress
 .text.MCP4725_ConfigWriteFunction
                0x0000000008000f8e        0x4 ./Core/Src/components/mcp4725_driver.o
                0x0000000008000f8e                MCP4725_ConfigWriteFunction
 .text.MCP4725_ConfigVoltageReference
                0x0000000008000f92        0x6 ./Core/Src/components/mcp4725_driver.o
                0x0000000008000f92                MCP4725_ConfigVoltageReference
 .text.setup    0x0000000008000f98       0x74 ./Core/Src/components/stm32main.o
                0x0000000008000f98                setup
 *fill*         0x000000000800100c        0x4 
 .text.loop     0x0000000008001010       0xf0 ./Core/Src/components/stm32main.o
                0x0000000008001010                loop
 .text.HAL_TIM_PeriodElapsedCallback
                0x0000000008001100        0xc ./Core/Src/components/timers.o
                0x0000000008001100                HAL_TIM_PeriodElapsedCallback
 .text.SystemClock_Config
                0x000000000800110c       0xa0 ./Core/Src/main.o
                0x000000000800110c                SystemClock_Config
 .text.startup.main
                0x00000000080011ac      0x210 ./Core/Src/main.o
                0x00000000080011ac                main
 .text.HAL_MspInit
                0x00000000080013bc       0x3c ./Core/Src/stm32f4xx_hal_msp.o
                0x00000000080013bc                HAL_MspInit
 .text.HAL_ADC_MspInit
                0x00000000080013f8       0x70 ./Core/Src/stm32f4xx_hal_msp.o
                0x00000000080013f8                HAL_ADC_MspInit
 .text.HAL_I2C_MspInit
                0x0000000008001468       0x90 ./Core/Src/stm32f4xx_hal_msp.o
                0x0000000008001468                HAL_I2C_MspInit
 .text.HAL_TIM_Base_MspInit
                0x00000000080014f8       0x3e ./Core/Src/stm32f4xx_hal_msp.o
                0x00000000080014f8                HAL_TIM_Base_MspInit
 *fill*         0x0000000008001536        0x2 
 .text.HAL_UART_MspInit
                0x0000000008001538       0x78 ./Core/Src/stm32f4xx_hal_msp.o
                0x0000000008001538                HAL_UART_MspInit
 .text.NMI_Handler
                0x00000000080015b0        0x2 ./Core/Src/stm32f4xx_it.o
                0x00000000080015b0                NMI_Handler
 .text.HardFault_Handler
                0x00000000080015b2        0x2 ./Core/Src/stm32f4xx_it.o
                0x00000000080015b2                HardFault_Handler
 .text.MemManage_Handler
                0x00000000080015b4        0x2 ./Core/Src/stm32f4xx_it.o
                0x00000000080015b4                MemManage_Handler
 .text.BusFault_Handler
                0x00000000080015b6        0x2 ./Core/Src/stm32f4xx_it.o
                0x00000000080015b6                BusFault_Handler
 .text.UsageFault_Handler
                0x00000000080015b8        0x2 ./Core/Src/stm32f4xx_it.o
                0x00000000080015b8                UsageFault_Handler
 .text.SVC_Handler
                0x00000000080015ba        0x2 ./Core/Src/stm32f4xx_it.o
                0x00000000080015ba                SVC_Handler
 .text.DebugMon_Handler
                0x00000000080015bc        0x2 ./Core/Src/stm32f4xx_it.o
                0x00000000080015bc                DebugMon_Handler
 .text.PendSV_Handler
                0x00000000080015be        0x2 ./Core/Src/stm32f4xx_it.o
                0x00000000080015be                PendSV_Handler
 .text.SysTick_Handler
                0x00000000080015c0        0x4 ./Core/Src/stm32f4xx_it.o
                0x00000000080015c0                SysTick_Handler
 .text.ADC_IRQHandler
                0x00000000080015c4        0xc ./Core/Src/stm32f4xx_it.o
                0x00000000080015c4                ADC_IRQHandler
 .text.TIM2_IRQHandler
                0x00000000080015d0        0xc ./Core/Src/stm32f4xx_it.o
                0x00000000080015d0                TIM2_IRQHandler
 .text.I2C1_EV_IRQHandler
                0x00000000080015dc        0xc ./Core/Src/stm32f4xx_it.o
                0x00000000080015dc                I2C1_EV_IRQHandler
 .text.I2C1_ER_IRQHandler
                0x00000000080015e8        0xc ./Core/Src/stm32f4xx_it.o
                0x00000000080015e8                I2C1_ER_IRQHandler
 .text.USART2_IRQHandler
                0x00000000080015f4        0xc ./Core/Src/stm32f4xx_it.o
                0x00000000080015f4                USART2_IRQHandler
 .text._sbrk    0x0000000008001600       0x40 ./Core/Src/sysmem.o
                0x0000000008001600                _sbrk
 .text.SystemInit
                0x0000000008001640       0x14 ./Core/Src/system_stm32f4xx.o
                0x0000000008001640                SystemInit
 .text.Reset_Handler
                0x0000000008001654       0x50 ./Core/Startup/startup_stm32f401retx.o
                0x0000000008001654                Reset_Handler
 .text.Default_Handler
                0x00000000080016a4        0x2 ./Core/Startup/startup_stm32f401retx.o
                0x00000000080016a4                DMA1_Stream3_IRQHandler
                0x00000000080016a4                EXTI2_IRQHandler
                0x00000000080016a4                SPI4_IRQHandler
                0x00000000080016a4                TIM1_CC_IRQHandler
                0x00000000080016a4                DMA2_Stream5_IRQHandler
                0x00000000080016a4                DMA1_Stream5_IRQHandler
                0x00000000080016a4                PVD_IRQHandler
                0x00000000080016a4                SDIO_IRQHandler
                0x00000000080016a4                TAMP_STAMP_IRQHandler
                0x00000000080016a4                EXTI3_IRQHandler
                0x00000000080016a4                TIM1_UP_TIM10_IRQHandler
                0x00000000080016a4                I2C3_ER_IRQHandler
                0x00000000080016a4                EXTI0_IRQHandler
                0x00000000080016a4                I2C2_EV_IRQHandler
                0x00000000080016a4                DMA1_Stream2_IRQHandler
                0x00000000080016a4                FPU_IRQHandler
                0x00000000080016a4                DMA2_Stream2_IRQHandler
                0x00000000080016a4                SPI1_IRQHandler
                0x00000000080016a4                TIM1_BRK_TIM9_IRQHandler
                0x00000000080016a4                DMA2_Stream3_IRQHandler
                0x00000000080016a4                USART6_IRQHandler
                0x00000000080016a4                DMA2_Stream0_IRQHandler
                0x00000000080016a4                TIM4_IRQHandler
                0x00000000080016a4                DMA1_Stream6_IRQHandler
                0x00000000080016a4                DMA1_Stream1_IRQHandler
                0x00000000080016a4                TIM3_IRQHandler
                0x00000000080016a4                RCC_IRQHandler
                0x00000000080016a4                Default_Handler
                0x00000000080016a4                EXTI15_10_IRQHandler
                0x00000000080016a4                DMA1_Stream7_IRQHandler
                0x00000000080016a4                TIM5_IRQHandler
                0x00000000080016a4                DMA2_Stream7_IRQHandler
                0x00000000080016a4                I2C3_EV_IRQHandler
                0x00000000080016a4                EXTI9_5_IRQHandler
                0x00000000080016a4                RTC_WKUP_IRQHandler
                0x00000000080016a4                SPI2_IRQHandler
                0x00000000080016a4                DMA1_Stream0_IRQHandler
                0x00000000080016a4                EXTI4_IRQHandler
                0x00000000080016a4                WWDG_IRQHandler
                0x00000000080016a4                OTG_FS_WKUP_IRQHandler
                0x00000000080016a4                TIM1_TRG_COM_TIM11_IRQHandler
                0x00000000080016a4                EXTI1_IRQHandler
                0x00000000080016a4                I2C2_ER_IRQHandler
                0x00000000080016a4                DMA2_Stream1_IRQHandler
                0x00000000080016a4                FLASH_IRQHandler
                0x00000000080016a4                DMA2_Stream4_IRQHandler
                0x00000000080016a4                USART1_IRQHandler
                0x00000000080016a4                OTG_FS_IRQHandler
                0x00000000080016a4                SPI3_IRQHandler
                0x00000000080016a4                DMA1_Stream4_IRQHandler
                0x00000000080016a4                DMA2_Stream6_IRQHandler
                0x00000000080016a4                RTC_Alarm_IRQHandler
 *fill*         0x00000000080016a6        0x2 
 .text.HAL_InitTick
                0x00000000080016a8       0x48 ./Drivers/STM32F4xx_HAL_Driver/Src/stm32f4xx_hal.o
                0x00000000080016a8                HAL_InitTick
 .text.HAL_Init
                0x00000000080016f0       0x34 ./Drivers/STM32F4xx_HAL_Driver/Src/stm32f4xx_hal.o
                0x00000000080016f0                HAL_Init
 .text.HAL_IncTick
                0x0000000008001724       0x18 ./Drivers/STM32F4xx_HAL_Driver/Src/stm32f4xx_hal.o
                0x0000000008001724                HAL_IncTick
 .text.HAL_GetTick
                0x000000000800173c        0xc ./Drivers/STM32F4xx_HAL_Driver/Src/stm32f4xx_hal.o
                0x000000000800173c                HAL_GetTick
 .text.HAL_Delay
                0x0000000008001748       0x28 ./Drivers/STM32F4xx_HAL_Driver/Src/stm32f4xx_hal.o
                0x0000000008001748                HAL_Delay
 .text.HAL_ADC_Init
                0x0000000008001770      0x14c ./Drivers/STM32F4xx_HAL_Driver/Src/stm32f4xx_hal_adc.o
                0x0000000008001770                HAL_ADC_Init
 .text.HAL_ADC_ConvCpltCallback
                0x00000000080018bc        0x2 ./Drivers/STM32F4xx_HAL_Driver/Src/stm32f4xx_hal_adc.o
                0x00000000080018bc                HAL_ADC_ConvCpltCallback
 .text.HAL_ADC_LevelOutOfWindowCallback
                0x00000000080018be        0x2 ./Drivers/STM32F4xx_HAL_Driver/Src/stm32f4xx_hal_adc.o
                0x00000000080018be                HAL_ADC_LevelOutOfWindowCallback
 .text.HAL_ADC_ErrorCallback
                0x00000000080018c0        0x2 ./Drivers/STM32F4xx_HAL_Driver/Src/stm32f4xx_hal_adc.o
                0x00000000080018c0                HAL_ADC_ErrorCallback
 .text.HAL_ADC_IRQHandler
                0x00000000080018c2      0x128 ./Drivers/STM32F4xx_HAL_Driver/Src/stm32f4xx_hal_adc.o
                0x00000000080018c2                HAL_ADC_IRQHandler
 *fill*         0x00000000080019ea        0x2 
 .text.HAL_ADC_ConfigChannel
                0x00000000080019ec      0x124 ./Drivers/STM32F4xx_HAL_Driver/Src/stm32f4xx_hal_adc.o
                0x00000000080019ec                HAL_ADC_ConfigChannel
 .text.HAL_ADCEx_InjectedConvCpltCallback
                0x0000000008001b10        0x2 ./Drivers/STM32F4xx_HAL_Driver/Src/stm32f4xx_hal_adc_ex.o
                0x0000000008001b10                HAL_ADCEx_InjectedConvCpltCallback
 *fill*         0x0000000008001b12        0x2 
 .text.HAL_NVIC_SetPriorityGrouping
                0x0000000008001b14       0x24 ./Drivers/STM32F4xx_HAL_Driver/Src/stm32f4xx_hal_cortex.o
                0x0000000008001b14                HAL_NVIC_SetPriorityGrouping
 .text.HAL_NVIC_SetPriority
                0x0000000008001b38       0x64 ./Drivers/STM32F4xx_HAL_Driver/Src/stm32f4xx_hal_cortex.o
                0x0000000008001b38                HAL_NVIC_SetPriority
 .text.HAL_NVIC_EnableIRQ
                0x0000000008001b9c       0x1c ./Drivers/STM32F4xx_HAL_Driver/Src/stm32f4xx_hal_cortex.o
                0x0000000008001b9c                HAL_NVIC_EnableIRQ
 .text.HAL_SYSTICK_Config
                0x0000000008001bb8       0x28 ./Drivers/STM32F4xx_HAL_Driver/Src/stm32f4xx_hal_cortex.o
                0x0000000008001bb8                HAL_SYSTICK_Config
 .text.HAL_DMA_Abort
                0x0000000008001be0       0x88 ./Drivers/STM32F4xx_HAL_Driver/Src/stm32f4xx_hal_dma.o
                0x0000000008001be0                HAL_DMA_Abort
 .text.HAL_DMA_Abort_IT
                0x0000000008001c68       0x24 ./Drivers/STM32F4xx_HAL_Driver/Src/stm32f4xx_hal_dma.o
                0x0000000008001c68                HAL_DMA_Abort_IT
 .text.HAL_DMA_GetState
                0x0000000008001c8c        0x6 ./Drivers/STM32F4xx_HAL_Driver/Src/stm32f4xx_hal_dma.o
                0x0000000008001c8c                HAL_DMA_GetState
 *fill*         0x0000000008001c92        0x2 
 .text.HAL_GPIO_Init
                0x0000000008001c94      0x190 ./Drivers/STM32F4xx_HAL_Driver/Src/stm32f4xx_hal_gpio.o
                0x0000000008001c94                HAL_GPIO_Init
 .text.HAL_GPIO_WritePin
                0x0000000008001e24        0xa ./Drivers/STM32F4xx_HAL_Driver/Src/stm32f4xx_hal_gpio.o
                0x0000000008001e24                HAL_GPIO_WritePin
 *fill*         0x0000000008001e2e        0x2 
 .text.HAL_I2C_Init
                0x0000000008001e30      0x150 ./Drivers/STM32F4xx_HAL_Driver/Src/stm32f4xx_hal_i2c.o
                0x0000000008001e30                HAL_I2C_Init
 .text.HAL_I2C_MasterTxCpltCallback
                0x0000000008001f80        0x2 ./Drivers/STM32F4xx_HAL_Driver/Src/stm32f4xx_hal_i2c.o
                0x0000000008001f80                HAL_I2C_MasterTxCpltCallback
 .text.HAL_I2C_MasterRxCpltCallback
                0x0000000008001f82        0x2 ./Drivers/STM32F4xx_HAL_Driver/Src/stm32f4xx_hal_i2c.o
                0x0000000008001f82                HAL_I2C_MasterRxCpltCallback
 .text.HAL_I2C_SlaveTxCpltCallback
                0x0000000008001f84        0x2 ./Drivers/STM32F4xx_HAL_Driver/Src/stm32f4xx_hal_i2c.o
                0x0000000008001f84                HAL_I2C_SlaveTxCpltCallback
 .text.HAL_I2C_SlaveRxCpltCallback
                0x0000000008001f86        0x2 ./Drivers/STM32F4xx_HAL_Driver/Src/stm32f4xx_hal_i2c.o
                0x0000000008001f86                HAL_I2C_SlaveRxCpltCallback
 .text.HAL_I2C_AddrCallback
                0x0000000008001f88        0x2 ./Drivers/STM32F4xx_HAL_Driver/Src/stm32f4xx_hal_i2c.o
                0x0000000008001f88                HAL_I2C_AddrCallback
 .text.HAL_I2C_ListenCpltCallback
                0x0000000008001f8a        0x2 ./Drivers/STM32F4xx_HAL_Driver/Src/stm32f4xx_hal_i2c.o
                0x0000000008001f8a                HAL_I2C_ListenCpltCallback
 .text.HAL_I2C_MemTxCpltCallback
                0x0000000008001f8c        0x2 ./Drivers/STM32F4xx_HAL_Driver/Src/stm32f4xx_hal_i2c.o
                0x0000000008001f8c                HAL_I2C_MemTxCpltCallback
 .text.I2C_MemoryTransmit_TXE_BTF
                0x0000000008001f8e       0xa2 ./Drivers/STM32F4xx_HAL_Driver/Src/stm32f4xx_hal_i2c.o
 .text.HAL_I2C_MemRxCpltCallback
                0x0000000008002030        0x2 ./Drivers/STM32F4xx_HAL_Driver/Src/stm32f4xx_hal_i2c.o
                0x0000000008002030                HAL_I2C_MemRxCpltCallback
 .text.HAL_I2C_ErrorCallback
                0x0000000008002032        0x2 ./Drivers/STM32F4xx_HAL_Driver/Src/stm32f4xx_hal_i2c.o
                0x0000000008002032                HAL_I2C_ErrorCallback
 .text.HAL_I2C_AbortCpltCallback
                0x0000000008002034        0x2 ./Drivers/STM32F4xx_HAL_Driver/Src/stm32f4xx_hal_i2c.o
                0x0000000008002034                HAL_I2C_AbortCpltCallback
 *fill*         0x0000000008002036        0x2 
 .text.I2C_DMAAbort
                0x0000000008002038       0xc0 ./Drivers/STM32F4xx_HAL_Driver/Src/stm32f4xx_hal_i2c.o
 .text.I2C_ITError
                0x00000000080020f8      0x150 ./Drivers/STM32F4xx_HAL_Driver/Src/stm32f4xx_hal_i2c.o
 .text.HAL_I2C_EV_IRQHandler
                0x0000000008002248      0x868 ./Drivers/STM32F4xx_HAL_Driver/Src/stm32f4xx_hal_i2c.o
                0x0000000008002248                HAL_I2C_EV_IRQHandler
 .text.HAL_I2C_ER_IRQHandler
                0x0000000008002ab0      0x134 ./Drivers/STM32F4xx_HAL_Driver/Src/stm32f4xx_hal_i2c.o
                0x0000000008002ab0                HAL_I2C_ER_IRQHandler
 .text.HAL_RCC_OscConfig
                0x0000000008002be4      0x360 ./Drivers/STM32F4xx_HAL_Driver/Src/stm32f4xx_hal_rcc.o
                0x0000000008002be4                HAL_RCC_OscConfig
 .text.HAL_RCC_GetSysClockFreq
                0x0000000008002f44       0x5c ./Drivers/STM32F4xx_HAL_Driver/Src/stm32f4xx_hal_rcc.o
                0x0000000008002f44                HAL_RCC_GetSysClockFreq
 .text.HAL_RCC_ClockConfig
                0x0000000008002fa0      0x138 ./Drivers/STM32F4xx_HAL_Driver/Src/stm32f4xx_hal_rcc.o
                0x0000000008002fa0                HAL_RCC_ClockConfig
 .text.HAL_RCC_GetPCLK1Freq
                0x00000000080030d8       0x20 ./Drivers/STM32F4xx_HAL_Driver/Src/stm32f4xx_hal_rcc.o
                0x00000000080030d8                HAL_RCC_GetPCLK1Freq
 .text.HAL_RCC_GetPCLK2Freq
                0x00000000080030f8       0x20 ./Drivers/STM32F4xx_HAL_Driver/Src/stm32f4xx_hal_rcc.o
                0x00000000080030f8                HAL_RCC_GetPCLK2Freq
 .text.HAL_TIM_OC_DelayElapsedCallback
                0x0000000008003118        0x2 ./Drivers/STM32F4xx_HAL_Driver/Src/stm32f4xx_hal_tim.o
                0x0000000008003118                HAL_TIM_OC_DelayElapsedCallback
 .text.HAL_TIM_IC_CaptureCallback
                0x000000000800311a        0x2 ./Drivers/STM32F4xx_HAL_Driver/Src/stm32f4xx_hal_tim.o
                0x000000000800311a                HAL_TIM_IC_CaptureCallback
 .text.HAL_TIM_PWM_PulseFinishedCallback
                0x000000000800311c        0x2 ./Drivers/STM32F4xx_HAL_Driver/Src/stm32f4xx_hal_tim.o
                0x000000000800311c                HAL_TIM_PWM_PulseFinishedCallback
 .text.HAL_TIM_TriggerCallback
                0x000000000800311e        0x2 ./Drivers/STM32F4xx_HAL_Driver/Src/stm32f4xx_hal_tim.o
                0x000000000800311e                HAL_TIM_TriggerCallback
 .text.HAL_TIM_IRQHandler
                0x0000000008003120      0x144 ./Drivers/STM32F4xx_HAL_Driver/Src/stm32f4xx_hal_tim.o
                0x0000000008003120                HAL_TIM_IRQHandler
 .text.TIM_Base_SetConfig
                0x0000000008003264       0x9c ./Drivers/STM32F4xx_HAL_Driver/Src/stm32f4xx_hal_tim.o
                0x0000000008003264                TIM_Base_SetConfig
 .text.HAL_TIM_Base_Init
                0x0000000008003300       0x58 ./Drivers/STM32F4xx_HAL_Driver/Src/stm32f4xx_hal_tim.o
                0x0000000008003300                HAL_TIM_Base_Init
 .text.TIM_ETR_SetConfig
                0x0000000008003358       0x14 ./Drivers/STM32F4xx_HAL_Driver/Src/stm32f4xx_hal_tim.o
                0x0000000008003358                TIM_ETR_SetConfig
 .text.HAL_TIM_ConfigClockSource
                0x000000000800336c      0x138 ./Drivers/STM32F4xx_HAL_Driver/Src/stm32f4xx_hal_tim.o
                0x000000000800336c                HAL_TIM_ConfigClockSource
 .text.HAL_TIMEx_MasterConfigSynchronization
                0x00000000080034a4       0x6c ./Drivers/STM32F4xx_HAL_Driver/Src/stm32f4xx_hal_tim_ex.o
                0x00000000080034a4                HAL_TIMEx_MasterConfigSynchronization
 .text.HAL_TIMEx_CommutCallback
                0x0000000008003510        0x2 ./Drivers/STM32F4xx_HAL_Driver/Src/stm32f4xx_hal_tim_ex.o
                0x0000000008003510                HAL_TIMEx_CommutCallback
 .text.HAL_TIMEx_BreakCallback
                0x0000000008003512        0x2 ./Drivers/STM32F4xx_HAL_Driver/Src/stm32f4xx_hal_tim_ex.o
                0x0000000008003512                HAL_TIMEx_BreakCallback
 .text.UART_EndRxTransfer
                0x0000000008003514       0x5c ./Drivers/STM32F4xx_HAL_Driver/Src/stm32f4xx_hal_uart.o
 .text.UART_SetConfig
                0x0000000008003570       0xbc ./Drivers/STM32F4xx_HAL_Driver/Src/stm32f4xx_hal_uart.o
 .text.HAL_UART_Init
                0x000000000800362c       0x5c ./Drivers/STM32F4xx_HAL_Driver/Src/stm32f4xx_hal_uart.o
                0x000000000800362c                HAL_UART_Init
 .text.HAL_UART_Transmit_IT
                0x0000000008003688       0x3e ./Drivers/STM32F4xx_HAL_Driver/Src/stm32f4xx_hal_uart.o
                0x0000000008003688                HAL_UART_Transmit_IT
 .text.HAL_UART_TxCpltCallback
                0x00000000080036c6        0x2 ./Drivers/STM32F4xx_HAL_Driver/Src/stm32f4xx_hal_uart.o
                0x00000000080036c6                HAL_UART_TxCpltCallback
 .text.HAL_UART_ErrorCallback
                0x00000000080036c8        0x2 ./Drivers/STM32F4xx_HAL_Driver/Src/stm32f4xx_hal_uart.o
                0x00000000080036c8                HAL_UART_ErrorCallback
 .text.UART_DMAAbortOnError
                0x00000000080036ca       0x10 ./Drivers/STM32F4xx_HAL_Driver/Src/stm32f4xx_hal_uart.o
 .text.HAL_UARTEx_RxEventCallback
                0x00000000080036da        0x2 ./Drivers/STM32F4xx_HAL_Driver/Src/stm32f4xx_hal_uart.o
                0x00000000080036da                HAL_UARTEx_RxEventCallback
 .text.UART_Receive_IT.part.0.isra.0
                0x00000000080036dc       0xac ./Drivers/STM32F4xx_HAL_Driver/Src/stm32f4xx_hal_uart.o
 .text.HAL_UART_IRQHandler
                0x0000000008003788      0x2a0 ./Drivers/STM32F4xx_HAL_Driver/Src/stm32f4xx_hal_uart.o
                0x0000000008003788                HAL_UART_IRQHandler
 .text.UART_Start_Receive_IT
                0x0000000008003a28       0x32 ./Drivers/STM32F4xx_HAL_Driver/Src/stm32f4xx_hal_uart.o
                0x0000000008003a28                UART_Start_Receive_IT
 .text.HAL_UART_Receive_IT
                0x0000000008003a5a       0x30 ./Drivers/STM32F4xx_HAL_Driver/Src/stm32f4xx_hal_uart.o
                0x0000000008003a5a                HAL_UART_Receive_IT
 *fill*         0x0000000008003a8a        0x2 
 .text.__errno  0x0000000008003a8c        0xc /Applications/STM32CubeIDE.app/Contents/Eclipse/plugins/com.st.stm32cube.ide.mcu.externaltools.gnu-tools-for-stm32.10.3-2021.10.macos64_1.0.100.202210260954/tools/bin/../lib/gcc/arm-none-eabi/10.3.1/../../../../arm-none-eabi/lib/thumb/v7e-m+fp/hard/libc_nano.a(lib_a-errno.o)
                0x0000000008003a8c                __errno
 .text.__libc_init_array
                0x0000000008003a98       0x48 /Applications/STM32CubeIDE.app/Contents/Eclipse/plugins/com.st.stm32cube.ide.mcu.externaltools.gnu-tools-for-stm32.10.3-2021.10.macos64_1.0.100.202210260954/tools/bin/../lib/gcc/arm-none-eabi/10.3.1/../../../../arm-none-eabi/lib/thumb/v7e-m+fp/hard/libc_nano.a(lib_a-init.o)
                0x0000000008003a98                __libc_init_array
 .text.malloc   0x0000000008003ae0       0x10 /Applications/STM32CubeIDE.app/Contents/Eclipse/plugins/com.st.stm32cube.ide.mcu.externaltools.gnu-tools-for-stm32.10.3-2021.10.macos64_1.0.100.202210260954/tools/bin/../lib/gcc/arm-none-eabi/10.3.1/../../../../arm-none-eabi/lib/thumb/v7e-m+fp/hard/libc_nano.a(lib_a-malloc.o)
                0x0000000008003ae0                malloc
 .text.memset   0x0000000008003af0       0x10 /Applications/STM32CubeIDE.app/Contents/Eclipse/plugins/com.st.stm32cube.ide.mcu.externaltools.gnu-tools-for-stm32.10.3-2021.10.macos64_1.0.100.202210260954/tools/bin/../lib/gcc/arm-none-eabi/10.3.1/../../../../arm-none-eabi/lib/thumb/v7e-m+fp/hard/libc_nano.a(lib_a-memset.o)
                0x0000000008003af0                memset
 .text.sbrk_aligned
                0x0000000008003b00       0x40 /Applications/STM32CubeIDE.app/Contents/Eclipse/plugins/com.st.stm32cube.ide.mcu.externaltools.gnu-tools-for-stm32.10.3-2021.10.macos64_1.0.100.202210260954/tools/bin/../lib/gcc/arm-none-eabi/10.3.1/../../../../arm-none-eabi/lib/thumb/v7e-m+fp/hard/libc_nano.a(lib_a-nano-mallocr.o)
 .text._malloc_r
                0x0000000008003b40       0xe8 /Applications/STM32CubeIDE.app/Contents/Eclipse/plugins/com.st.stm32cube.ide.mcu.externaltools.gnu-tools-for-stm32.10.3-2021.10.macos64_1.0.100.202210260954/tools/bin/../lib/gcc/arm-none-eabi/10.3.1/../../../../arm-none-eabi/lib/thumb/v7e-m+fp/hard/libc_nano.a(lib_a-nano-mallocr.o)
                0x0000000008003b40                _malloc_r
 .text._sbrk_r  0x0000000008003c28       0x20 /Applications/STM32CubeIDE.app/Contents/Eclipse/plugins/com.st.stm32cube.ide.mcu.externaltools.gnu-tools-for-stm32.10.3-2021.10.macos64_1.0.100.202210260954/tools/bin/../lib/gcc/arm-none-eabi/10.3.1/../../../../arm-none-eabi/lib/thumb/v7e-m+fp/hard/libc_nano.a(lib_a-sbrkr.o)
                0x0000000008003c28                _sbrk_r
 .text.__malloc_lock
                0x0000000008003c48        0xc /Applications/STM32CubeIDE.app/Contents/Eclipse/plugins/com.st.stm32cube.ide.mcu.externaltools.gnu-tools-for-stm32.10.3-2021.10.macos64_1.0.100.202210260954/tools/bin/../lib/gcc/arm-none-eabi/10.3.1/../../../../arm-none-eabi/lib/thumb/v7e-m+fp/hard/libc_nano.a(lib_a-mlock.o)
                0x0000000008003c48                __malloc_lock
 .text.__malloc_unlock
                0x0000000008003c54        0xc /Applications/STM32CubeIDE.app/Contents/Eclipse/plugins/com.st.stm32cube.ide.mcu.externaltools.gnu-tools-for-stm32.10.3-2021.10.macos64_1.0.100.202210260954/tools/bin/../lib/gcc/arm-none-eabi/10.3.1/../../../../arm-none-eabi/lib/thumb/v7e-m+fp/hard/libc_nano.a(lib_a-mlock.o)
                0x0000000008003c54                __malloc_unlock
 .text.__retarget_lock_acquire_recursive
                0x0000000008003c60        0x2 /Applications/STM32CubeIDE.app/Contents/Eclipse/plugins/com.st.stm32cube.ide.mcu.externaltools.gnu-tools-for-stm32.10.3-2021.10.macos64_1.0.100.202210260954/tools/bin/../lib/gcc/arm-none-eabi/10.3.1/../../../../arm-none-eabi/lib/thumb/v7e-m+fp/hard/libc_nano.a(lib_a-lock.o)
                0x0000000008003c60                __retarget_lock_acquire_recursive
 .text.__retarget_lock_release_recursive
                0x0000000008003c62        0x2 /Applications/STM32CubeIDE.app/Contents/Eclipse/plugins/com.st.stm32cube.ide.mcu.externaltools.gnu-tools-for-stm32.10.3-2021.10.macos64_1.0.100.202210260954/tools/bin/../lib/gcc/arm-none-eabi/10.3.1/../../../../arm-none-eabi/lib/thumb/v7e-m+fp/hard/libc_nano.a(lib_a-lock.o)
                0x0000000008003c62                __retarget_lock_release_recursive
 *(.glue_7)
 .glue_7        0x0000000008003c64        0x0 linker stubs
 *(.glue_7t)
 .glue_7t       0x0000000008003c64        0x0 linker stubs
 *(.eh_frame)
 .eh_frame      0x0000000008003c64        0x0 /Applications/STM32CubeIDE.app/Contents/Eclipse/plugins/com.st.stm32cube.ide.mcu.externaltools.gnu-tools-for-stm32.10.3-2021.10.macos64_1.0.100.202210260954/tools/bin/../lib/gcc/arm-none-eabi/10.3.1/thumb/v7e-m+fp/hard/crtbegin.o
 *(.init)
 .init          0x0000000008003c64        0x4 /Applications/STM32CubeIDE.app/Contents/Eclipse/plugins/com.st.stm32cube.ide.mcu.externaltools.gnu-tools-for-stm32.10.3-2021.10.macos64_1.0.100.202210260954/tools/bin/../lib/gcc/arm-none-eabi/10.3.1/thumb/v7e-m+fp/hard/crti.o
                0x0000000008003c64                _init
 .init          0x0000000008003c68        0x8 /Applications/STM32CubeIDE.app/Contents/Eclipse/plugins/com.st.stm32cube.ide.mcu.externaltools.gnu-tools-for-stm32.10.3-2021.10.macos64_1.0.100.202210260954/tools/bin/../lib/gcc/arm-none-eabi/10.3.1/thumb/v7e-m+fp/hard/crtn.o
 *(.fini)
 .fini          0x0000000008003c70        0x4 /Applications/STM32CubeIDE.app/Contents/Eclipse/plugins/com.st.stm32cube.ide.mcu.externaltools.gnu-tools-for-stm32.10.3-2021.10.macos64_1.0.100.202210260954/tools/bin/../lib/gcc/arm-none-eabi/10.3.1/thumb/v7e-m+fp/hard/crti.o
                0x0000000008003c70                _fini
 .fini          0x0000000008003c74        0x8 /Applications/STM32CubeIDE.app/Contents/Eclipse/plugins/com.st.stm32cube.ide.mcu.externaltools.gnu-tools-for-stm32.10.3-2021.10.macos64_1.0.100.202210260954/tools/bin/../lib/gcc/arm-none-eabi/10.3.1/thumb/v7e-m+fp/hard/crtn.o
                0x0000000008003c7c                . = ALIGN (0x4)
                0x0000000008003c7c                _etext = .

.vfp11_veneer   0x0000000008003c7c        0x0
 .vfp11_veneer  0x0000000008003c7c        0x0 linker stubs

.v4_bx          0x0000000008003c7c        0x0
 .v4_bx         0x0000000008003c7c        0x0 linker stubs

.iplt           0x0000000008003c7c        0x0
 .iplt          0x0000000008003c7c        0x0 /Applications/STM32CubeIDE.app/Contents/Eclipse/plugins/com.st.stm32cube.ide.mcu.externaltools.gnu-tools-for-stm32.10.3-2021.10.macos64_1.0.100.202210260954/tools/bin/../lib/gcc/arm-none-eabi/10.3.1/thumb/v7e-m+fp/hard/crtbegin.o

.rodata         0x0000000008003c7c       0x18
                0x0000000008003c7c                . = ALIGN (0x4)
 *(.rodata)
 *(.rodata*)
 .rodata.AHBPrescTable
                0x0000000008003c7c       0x10 ./Core/Src/system_stm32f4xx.o
                0x0000000008003c7c                AHBPrescTable
 .rodata.APBPrescTable
                0x0000000008003c8c        0x8 ./Core/Src/system_stm32f4xx.o
                0x0000000008003c8c                APBPrescTable
                0x0000000008003c94                . = ALIGN (0x4)

.ARM.extab      0x0000000008003c94        0x0
                0x0000000008003c94                . = ALIGN (0x4)
 *(.ARM.extab* .gnu.linkonce.armextab.*)
                0x0000000008003c94                . = ALIGN (0x4)

.ARM            0x0000000008003c94        0x8
                0x0000000008003c94                . = ALIGN (0x4)
                0x0000000008003c94                __exidx_start = .
 *(.ARM.exidx*)
 .ARM.exidx     0x0000000008003c94        0x8 /Applications/STM32CubeIDE.app/Contents/Eclipse/plugins/com.st.stm32cube.ide.mcu.externaltools.gnu-tools-for-stm32.10.3-2021.10.macos64_1.0.100.202210260954/tools/bin/../lib/gcc/arm-none-eabi/10.3.1/thumb/v7e-m+fp/hard/libgcc.a(_udivmoddi4.o)
                0x0000000008003c9c                __exidx_end = .
                0x0000000008003c9c                . = ALIGN (0x4)

.rel.dyn        0x0000000008003c9c        0x0
 .rel.iplt      0x0000000008003c9c        0x0 /Applications/STM32CubeIDE.app/Contents/Eclipse/plugins/com.st.stm32cube.ide.mcu.externaltools.gnu-tools-for-stm32.10.3-2021.10.macos64_1.0.100.202210260954/tools/bin/../lib/gcc/arm-none-eabi/10.3.1/thumb/v7e-m+fp/hard/crtbegin.o

.preinit_array  0x0000000008003c9c        0x0
                0x0000000008003c9c                . = ALIGN (0x4)
                0x0000000008003c9c                PROVIDE (__preinit_array_start = .)
 *(.preinit_array*)
                0x0000000008003c9c                PROVIDE (__preinit_array_end = .)
                0x0000000008003c9c                . = ALIGN (0x4)

.init_array     0x0000000008003c9c        0x4
                0x0000000008003c9c                . = ALIGN (0x4)
                0x0000000008003c9c                PROVIDE (__init_array_start = .)
 *(SORT_BY_NAME(.init_array.*))
 *(.init_array*)
 .init_array    0x0000000008003c9c        0x4 /Applications/STM32CubeIDE.app/Contents/Eclipse/plugins/com.st.stm32cube.ide.mcu.externaltools.gnu-tools-for-stm32.10.3-2021.10.macos64_1.0.100.202210260954/tools/bin/../lib/gcc/arm-none-eabi/10.3.1/thumb/v7e-m+fp/hard/crtbegin.o
                0x0000000008003ca0                PROVIDE (__init_array_end = .)
                0x0000000008003ca0                . = ALIGN (0x4)

.fini_array     0x0000000008003ca0        0x4
                0x0000000008003ca0                . = ALIGN (0x4)
                [!provide]                        PROVIDE (__fini_array_start = .)
 *(SORT_BY_NAME(.fini_array.*))
 *(.fini_array*)
 .fini_array    0x0000000008003ca0        0x4 /Applications/STM32CubeIDE.app/Contents/Eclipse/plugins/com.st.stm32cube.ide.mcu.externaltools.gnu-tools-for-stm32.10.3-2021.10.macos64_1.0.100.202210260954/tools/bin/../lib/gcc/arm-none-eabi/10.3.1/thumb/v7e-m+fp/hard/crtbegin.o
                [!provide]                        PROVIDE (__fini_array_end = .)
                0x0000000008003ca4                . = ALIGN (0x4)
                0x0000000008003ca4                _sidata = LOADADDR (.data)

.data           0x0000000020000000       0x70 load address 0x0000000008003ca4
                0x0000000020000000                . = ALIGN (0x4)
                0x0000000020000000                _sdata = .
 *(.data)
 *(.data*)
 .data.SystemCoreClock
                0x0000000020000000        0x4 ./Core/Src/system_stm32f4xx.o
                0x0000000020000000                SystemCoreClock
 .data.uwTickFreq
                0x0000000020000004        0x1 ./Drivers/STM32F4xx_HAL_Driver/Src/stm32f4xx_hal.o
                0x0000000020000004                uwTickFreq
 *fill*         0x0000000020000005        0x3 
 .data.uwTickPrio
                0x0000000020000008        0x4 ./Drivers/STM32F4xx_HAL_Driver/Src/stm32f4xx_hal.o
                0x0000000020000008                uwTickPrio
 .data._impure_ptr
                0x000000002000000c        0x4 /Applications/STM32CubeIDE.app/Contents/Eclipse/plugins/com.st.stm32cube.ide.mcu.externaltools.gnu-tools-for-stm32.10.3-2021.10.macos64_1.0.100.202210260954/tools/bin/../lib/gcc/arm-none-eabi/10.3.1/../../../../arm-none-eabi/lib/thumb/v7e-m+fp/hard/libc_nano.a(lib_a-impure.o)
                0x000000002000000c                _impure_ptr
 .data.impure_data
                0x0000000020000010       0x60 /Applications/STM32CubeIDE.app/Contents/Eclipse/plugins/com.st.stm32cube.ide.mcu.externaltools.gnu-tools-for-stm32.10.3-2021.10.macos64_1.0.100.202210260954/tools/bin/../lib/gcc/arm-none-eabi/10.3.1/../../../../arm-none-eabi/lib/thumb/v7e-m+fp/hard/libc_nano.a(lib_a-impure.o)
 *(.RamFunc)
 *(.RamFunc*)
                0x0000000020000070                . = ALIGN (0x4)
                0x0000000020000070                _edata = .

.igot.plt       0x0000000020000070        0x0 load address 0x0000000008003d14
 .igot.plt      0x0000000020000070        0x0 /Applications/STM32CubeIDE.app/Contents/Eclipse/plugins/com.st.stm32cube.ide.mcu.externaltools.gnu-tools-for-stm32.10.3-2021.10.macos64_1.0.100.202210260954/tools/bin/../lib/gcc/arm-none-eabi/10.3.1/thumb/v7e-m+fp/hard/crtbegin.o
                0x0000000020000070                . = ALIGN (0x4)

.bss            0x0000000020000070      0x298 load address 0x0000000008003d14
                0x0000000020000070                _sbss = .
                0x0000000020000070                __bss_start__ = _sbss
 *(.bss)
 .bss           0x0000000020000070       0x1c /Applications/STM32CubeIDE.app/Contents/Eclipse/plugins/com.st.stm32cube.ide.mcu.externaltools.gnu-tools-for-stm32.10.3-2021.10.macos64_1.0.100.202210260954/tools/bin/../lib/gcc/arm-none-eabi/10.3.1/thumb/v7e-m+fp/hard/crtbegin.o
 *(.bss*)
 .bss.dataReceived
                0x000000002000008c        0x1 ./Core/Src/components/masb_comm_s.o
                0x000000002000008c                dataReceived
 *fill*         0x000000002000008d        0x3 
 .bss.doubleConverter
                0x0000000020000090        0x8 ./Core/Src/components/masb_comm_s.o
                0x0000000020000090                doubleConverter
 .bss.longConverter
                0x0000000020000098        0x4 ./Core/Src/components/masb_comm_s.o
                0x0000000020000098                longConverter
 .bss.rxBuffer  0x000000002000009c       0x32 ./Core/Src/components/masb_comm_s.o
                0x000000002000009c                rxBuffer
 .bss.rxBufferDecoded
                0x00000000200000ce       0x32 ./Core/Src/components/masb_comm_s.o
                0x00000000200000ce                rxBufferDecoded
 .bss.rxIndex   0x0000000020000100        0x1 ./Core/Src/components/masb_comm_s.o
                0x0000000020000100                rxIndex
 .bss.txBuffer  0x0000000020000101       0x32 ./Core/Src/components/masb_comm_s.o
                0x0000000020000101                txBuffer
 .bss.txBufferDecoded
                0x0000000020000133       0x32 ./Core/Src/components/masb_comm_s.o
                0x0000000020000133                txBufferDecoded
 .bss.Estado    0x0000000020000165        0x1 ./Core/Src/components/stm32main.o
                0x0000000020000165                Estado
 *fill*         0x0000000020000166        0x2 
 .bss.caConfiguration
                0x0000000020000168       0x10 ./Core/Src/components/stm32main.o
                0x0000000020000168                caConfiguration
 .bss.cvConfiguration
                0x0000000020000178       0x30 ./Core/Src/components/stm32main.o
                0x0000000020000178                cvConfiguration
 .bss.data      0x00000000200001a8       0x18 ./Core/Src/components/stm32main.o
                0x00000000200001a8                data
 .bss.hdac      0x00000000200001c0        0x4 ./Core/Src/components/stm32main.o
                0x00000000200001c0                hdac
 .bss.timeout   0x00000000200001c4        0x1 ./Core/Src/components/timers.o
 *fill*         0x00000000200001c5        0x3 
 .bss.hadc1     0x00000000200001c8       0x48 ./Core/Src/main.o
                0x00000000200001c8                hadc1
 .bss.hi2c1     0x0000000020000210       0x54 ./Core/Src/main.o
                0x0000000020000210                hi2c1
 .bss.htim2     0x0000000020000264       0x48 ./Core/Src/main.o
                0x0000000020000264                htim2
 .bss.huart2    0x00000000200002ac       0x44 ./Core/Src/main.o
                0x00000000200002ac                huart2
 .bss.__sbrk_heap_end
                0x00000000200002f0        0x4 ./Core/Src/sysmem.o
 .bss.uwTick    0x00000000200002f4        0x4 ./Drivers/STM32F4xx_HAL_Driver/Src/stm32f4xx_hal.o
                0x00000000200002f4                uwTick
 .bss.__malloc_free_list
                0x00000000200002f8        0x4 /Applications/STM32CubeIDE.app/Contents/Eclipse/plugins/com.st.stm32cube.ide.mcu.externaltools.gnu-tools-for-stm32.10.3-2021.10.macos64_1.0.100.202210260954/tools/bin/../lib/gcc/arm-none-eabi/10.3.1/../../../../arm-none-eabi/lib/thumb/v7e-m+fp/hard/libc_nano.a(lib_a-nano-mallocr.o)
                0x00000000200002f8                __malloc_free_list
 .bss.__malloc_sbrk_start
                0x00000000200002fc        0x4 /Applications/STM32CubeIDE.app/Contents/Eclipse/plugins/com.st.stm32cube.ide.mcu.externaltools.gnu-tools-for-stm32.10.3-2021.10.macos64_1.0.100.202210260954/tools/bin/../lib/gcc/arm-none-eabi/10.3.1/../../../../arm-none-eabi/lib/thumb/v7e-m+fp/hard/libc_nano.a(lib_a-nano-mallocr.o)
                0x00000000200002fc                __malloc_sbrk_start
 .bss.errno     0x0000000020000300        0x4 /Applications/STM32CubeIDE.app/Contents/Eclipse/plugins/com.st.stm32cube.ide.mcu.externaltools.gnu-tools-for-stm32.10.3-2021.10.macos64_1.0.100.202210260954/tools/bin/../lib/gcc/arm-none-eabi/10.3.1/../../../../arm-none-eabi/lib/thumb/v7e-m+fp/hard/libc_nano.a(lib_a-reent.o)
                0x0000000020000300                errno
 .bss.__lock___malloc_recursive_mutex
                0x0000000020000304        0x1 /Applications/STM32CubeIDE.app/Contents/Eclipse/plugins/com.st.stm32cube.ide.mcu.externaltools.gnu-tools-for-stm32.10.3-2021.10.macos64_1.0.100.202210260954/tools/bin/../lib/gcc/arm-none-eabi/10.3.1/../../../../arm-none-eabi/lib/thumb/v7e-m+fp/hard/libc_nano.a(lib_a-lock.o)
                0x0000000020000304                __lock___malloc_recursive_mutex
 *(COMMON)
                0x0000000020000308                . = ALIGN (0x4)
 *fill*         0x0000000020000305        0x3 
                0x0000000020000308                _ebss = .
                0x0000000020000308                __bss_end__ = _ebss

._user_heap_stack
                0x0000000020000308      0x600 load address 0x0000000008003d14
                0x0000000020000308                . = ALIGN (0x8)
                [!provide]                        PROVIDE (end = .)
                0x0000000020000308                PROVIDE (_end = .)
                0x0000000020000508                . = (. + _Min_Heap_Size)
 *fill*         0x0000000020000308      0x200 
                0x0000000020000908                . = (. + _Min_Stack_Size)
 *fill*         0x0000000020000508      0x400 
                0x0000000020000908                . = ALIGN (0x8)

/DISCARD/
 libc.a(*)
 libm.a(*)
 libgcc.a(*)

.ARM.attributes
                0x0000000000000000       0x30
 *(.ARM.attributes)
 .ARM.attributes
                0x0000000000000000       0x1e /Applications/STM32CubeIDE.app/Contents/Eclipse/plugins/com.st.stm32cube.ide.mcu.externaltools.gnu-tools-for-stm32.10.3-2021.10.macos64_1.0.100.202210260954/tools/bin/../lib/gcc/arm-none-eabi/10.3.1/thumb/v7e-m+fp/hard/crti.o
 .ARM.attributes
                0x000000000000001e       0x34 /Applications/STM32CubeIDE.app/Contents/Eclipse/plugins/com.st.stm32cube.ide.mcu.externaltools.gnu-tools-for-stm32.10.3-2021.10.macos64_1.0.100.202210260954/tools/bin/../lib/gcc/arm-none-eabi/10.3.1/thumb/v7e-m+fp/hard/crtbegin.o
 .ARM.attributes
                0x0000000000000052       0x34 ./Core/Src/components/PMU.o
 .ARM.attributes
                0x0000000000000086       0x34 ./Core/Src/components/ad5280_driver.o
 .ARM.attributes
                0x00000000000000ba       0x34 ./Core/Src/components/cobs.o
 .ARM.attributes
                0x00000000000000ee       0x34 ./Core/Src/components/i2c_lib.o
 .ARM.attributes
                0x0000000000000122       0x34 ./Core/Src/components/masb_comm_s.o
 .ARM.attributes
                0x0000000000000156       0x34 ./Core/Src/components/mcp4725_driver.o
 .ARM.attributes
                0x000000000000018a       0x34 ./Core/Src/components/stm32main.o
 .ARM.attributes
                0x00000000000001be       0x34 ./Core/Src/components/timers.o
 .ARM.attributes
                0x00000000000001f2       0x34 ./Core/Src/main.o
 .ARM.attributes
                0x0000000000000226       0x34 ./Core/Src/stm32f4xx_hal_msp.o
 .ARM.attributes
                0x000000000000025a       0x34 ./Core/Src/stm32f4xx_it.o
 .ARM.attributes
                0x000000000000028e       0x34 ./Core/Src/sysmem.o
 .ARM.attributes
                0x00000000000002c2       0x34 ./Core/Src/system_stm32f4xx.o
 .ARM.attributes
                0x00000000000002f6       0x21 ./Core/Startup/startup_stm32f401retx.o
 .ARM.attributes
                0x0000000000000317       0x34 ./Drivers/STM32F4xx_HAL_Driver/Src/stm32f4xx_hal.o
 .ARM.attributes
                0x000000000000034b       0x34 ./Drivers/STM32F4xx_HAL_Driver/Src/stm32f4xx_hal_adc.o
 .ARM.attributes
                0x000000000000037f       0x34 ./Drivers/STM32F4xx_HAL_Driver/Src/stm32f4xx_hal_adc_ex.o
 .ARM.attributes
                0x00000000000003b3       0x34 ./Drivers/STM32F4xx_HAL_Driver/Src/stm32f4xx_hal_cortex.o
 .ARM.attributes
                0x00000000000003e7       0x34 ./Drivers/STM32F4xx_HAL_Driver/Src/stm32f4xx_hal_dma.o
 .ARM.attributes
                0x000000000000041b       0x34 ./Drivers/STM32F4xx_HAL_Driver/Src/stm32f4xx_hal_gpio.o
 .ARM.attributes
                0x000000000000044f       0x34 ./Drivers/STM32F4xx_HAL_Driver/Src/stm32f4xx_hal_i2c.o
 .ARM.attributes
                0x0000000000000483       0x34 ./Drivers/STM32F4xx_HAL_Driver/Src/stm32f4xx_hal_rcc.o
 .ARM.attributes
                0x00000000000004b7       0x34 ./Drivers/STM32F4xx_HAL_Driver/Src/stm32f4xx_hal_tim.o
 .ARM.attributes
                0x00000000000004eb       0x34 ./Drivers/STM32F4xx_HAL_Driver/Src/stm32f4xx_hal_tim_ex.o
 .ARM.attributes
                0x000000000000051f       0x34 ./Drivers/STM32F4xx_HAL_Driver/Src/stm32f4xx_hal_uart.o
 .ARM.attributes
                0x0000000000000553       0x34 /Applications/STM32CubeIDE.app/Contents/Eclipse/plugins/com.st.stm32cube.ide.mcu.externaltools.gnu-tools-for-stm32.10.3-2021.10.macos64_1.0.100.202210260954/tools/bin/../lib/gcc/arm-none-eabi/10.3.1/../../../../arm-none-eabi/lib/thumb/v7e-m+fp/hard/libc_nano.a(lib_a-errno.o)
 .ARM.attributes
                0x0000000000000587       0x34 /Applications/STM32CubeIDE.app/Contents/Eclipse/plugins/com.st.stm32cube.ide.mcu.externaltools.gnu-tools-for-stm32.10.3-2021.10.macos64_1.0.100.202210260954/tools/bin/../lib/gcc/arm-none-eabi/10.3.1/../../../../arm-none-eabi/lib/thumb/v7e-m+fp/hard/libc_nano.a(lib_a-impure.o)
 .ARM.attributes
                0x00000000000005bb       0x34 /Applications/STM32CubeIDE.app/Contents/Eclipse/plugins/com.st.stm32cube.ide.mcu.externaltools.gnu-tools-for-stm32.10.3-2021.10.macos64_1.0.100.202210260954/tools/bin/../lib/gcc/arm-none-eabi/10.3.1/../../../../arm-none-eabi/lib/thumb/v7e-m+fp/hard/libc_nano.a(lib_a-init.o)
 .ARM.attributes
                0x00000000000005ef       0x34 /Applications/STM32CubeIDE.app/Contents/Eclipse/plugins/com.st.stm32cube.ide.mcu.externaltools.gnu-tools-for-stm32.10.3-2021.10.macos64_1.0.100.202210260954/tools/bin/../lib/gcc/arm-none-eabi/10.3.1/../../../../arm-none-eabi/lib/thumb/v7e-m+fp/hard/libc_nano.a(lib_a-malloc.o)
 .ARM.attributes
                0x0000000000000623       0x34 /Applications/STM32CubeIDE.app/Contents/Eclipse/plugins/com.st.stm32cube.ide.mcu.externaltools.gnu-tools-for-stm32.10.3-2021.10.macos64_1.0.100.202210260954/tools/bin/../lib/gcc/arm-none-eabi/10.3.1/../../../../arm-none-eabi/lib/thumb/v7e-m+fp/hard/libc_nano.a(lib_a-memset.o)
 .ARM.attributes
                0x0000000000000657       0x34 /Applications/STM32CubeIDE.app/Contents/Eclipse/plugins/com.st.stm32cube.ide.mcu.externaltools.gnu-tools-for-stm32.10.3-2021.10.macos64_1.0.100.202210260954/tools/bin/../lib/gcc/arm-none-eabi/10.3.1/../../../../arm-none-eabi/lib/thumb/v7e-m+fp/hard/libc_nano.a(lib_a-nano-mallocr.o)
 .ARM.attributes
                0x000000000000068b       0x34 /Applications/STM32CubeIDE.app/Contents/Eclipse/plugins/com.st.stm32cube.ide.mcu.externaltools.gnu-tools-for-stm32.10.3-2021.10.macos64_1.0.100.202210260954/tools/bin/../lib/gcc/arm-none-eabi/10.3.1/../../../../arm-none-eabi/lib/thumb/v7e-m+fp/hard/libc_nano.a(lib_a-sbrkr.o)
 .ARM.attributes
                0x00000000000006bf       0x34 /Applications/STM32CubeIDE.app/Contents/Eclipse/plugins/com.st.stm32cube.ide.mcu.externaltools.gnu-tools-for-stm32.10.3-2021.10.macos64_1.0.100.202210260954/tools/bin/../lib/gcc/arm-none-eabi/10.3.1/../../../../arm-none-eabi/lib/thumb/v7e-m+fp/hard/libc_nano.a(lib_a-mlock.o)
 .ARM.attributes
                0x00000000000006f3       0x34 /Applications/STM32CubeIDE.app/Contents/Eclipse/plugins/com.st.stm32cube.ide.mcu.externaltools.gnu-tools-for-stm32.10.3-2021.10.macos64_1.0.100.202210260954/tools/bin/../lib/gcc/arm-none-eabi/10.3.1/../../../../arm-none-eabi/lib/thumb/v7e-m+fp/hard/libc_nano.a(lib_a-reent.o)
 .ARM.attributes
                0x0000000000000727       0x34 /Applications/STM32CubeIDE.app/Contents/Eclipse/plugins/com.st.stm32cube.ide.mcu.externaltools.gnu-tools-for-stm32.10.3-2021.10.macos64_1.0.100.202210260954/tools/bin/../lib/gcc/arm-none-eabi/10.3.1/../../../../arm-none-eabi/lib/thumb/v7e-m+fp/hard/libc_nano.a(lib_a-lock.o)
 .ARM.attributes
                0x000000000000075b       0x1e /Applications/STM32CubeIDE.app/Contents/Eclipse/plugins/com.st.stm32cube.ide.mcu.externaltools.gnu-tools-for-stm32.10.3-2021.10.macos64_1.0.100.202210260954/tools/bin/../lib/gcc/arm-none-eabi/10.3.1/thumb/v7e-m+fp/hard/libgcc.a(_arm_addsubdf3.o)
 .ARM.attributes
                0x0000000000000779       0x1e /Applications/STM32CubeIDE.app/Contents/Eclipse/plugins/com.st.stm32cube.ide.mcu.externaltools.gnu-tools-for-stm32.10.3-2021.10.macos64_1.0.100.202210260954/tools/bin/../lib/gcc/arm-none-eabi/10.3.1/thumb/v7e-m+fp/hard/libgcc.a(_arm_muldivdf3.o)
 .ARM.attributes
                0x0000000000000797       0x1e /Applications/STM32CubeIDE.app/Contents/Eclipse/plugins/com.st.stm32cube.ide.mcu.externaltools.gnu-tools-for-stm32.10.3-2021.10.macos64_1.0.100.202210260954/tools/bin/../lib/gcc/arm-none-eabi/10.3.1/thumb/v7e-m+fp/hard/libgcc.a(_arm_fixunsdfsi.o)
 .ARM.attributes
                0x00000000000007b5       0x1e /Applications/STM32CubeIDE.app/Contents/Eclipse/plugins/com.st.stm32cube.ide.mcu.externaltools.gnu-tools-for-stm32.10.3-2021.10.macos64_1.0.100.202210260954/tools/bin/../lib/gcc/arm-none-eabi/10.3.1/thumb/v7e-m+fp/hard/libgcc.a(_aeabi_uldivmod.o)
 .ARM.attributes
                0x00000000000007d3       0x34 /Applications/STM32CubeIDE.app/Contents/Eclipse/plugins/com.st.stm32cube.ide.mcu.externaltools.gnu-tools-for-stm32.10.3-2021.10.macos64_1.0.100.202210260954/tools/bin/../lib/gcc/arm-none-eabi/10.3.1/thumb/v7e-m+fp/hard/libgcc.a(_udivmoddi4.o)
 .ARM.attributes
                0x0000000000000807       0x1e /Applications/STM32CubeIDE.app/Contents/Eclipse/plugins/com.st.stm32cube.ide.mcu.externaltools.gnu-tools-for-stm32.10.3-2021.10.macos64_1.0.100.202210260954/tools/bin/../lib/gcc/arm-none-eabi/10.3.1/thumb/v7e-m+fp/hard/libgcc.a(_dvmd_tls.o)
 .ARM.attributes
                0x0000000000000825       0x1e /Applications/STM32CubeIDE.app/Contents/Eclipse/plugins/com.st.stm32cube.ide.mcu.externaltools.gnu-tools-for-stm32.10.3-2021.10.macos64_1.0.100.202210260954/tools/bin/../lib/gcc/arm-none-eabi/10.3.1/thumb/v7e-m+fp/hard/crtn.o
OUTPUT(masbstat.elf elf32-littlearm)
LOAD linker stubs
LOAD /Applications/STM32CubeIDE.app/Contents/Eclipse/plugins/com.st.stm32cube.ide.mcu.externaltools.gnu-tools-for-stm32.10.3-2021.10.macos64_1.0.100.202210260954/tools/bin/../lib/gcc/arm-none-eabi/10.3.1/../../../../arm-none-eabi/lib/thumb/v7e-m+fp/hard/libc.a
LOAD /Applications/STM32CubeIDE.app/Contents/Eclipse/plugins/com.st.stm32cube.ide.mcu.externaltools.gnu-tools-for-stm32.10.3-2021.10.macos64_1.0.100.202210260954/tools/bin/../lib/gcc/arm-none-eabi/10.3.1/../../../../arm-none-eabi/lib/thumb/v7e-m+fp/hard/libm.a
LOAD /Applications/STM32CubeIDE.app/Contents/Eclipse/plugins/com.st.stm32cube.ide.mcu.externaltools.gnu-tools-for-stm32.10.3-2021.10.macos64_1.0.100.202210260954/tools/bin/../lib/gcc/arm-none-eabi/10.3.1/thumb/v7e-m+fp/hard/libgcc.a

.comment        0x0000000000000000       0x50
 .comment       0x0000000000000000       0x50 ./Core/Src/components/PMU.o
                                         0x51 (size before relaxing)
 .comment       0x0000000000000050       0x51 ./Core/Src/components/ad5280_driver.o
 .comment       0x0000000000000050       0x51 ./Core/Src/components/cobs.o
 .comment       0x0000000000000050       0x51 ./Core/Src/components/i2c_lib.o
 .comment       0x0000000000000050       0x51 ./Core/Src/components/masb_comm_s.o
 .comment       0x0000000000000050       0x51 ./Core/Src/components/mcp4725_driver.o
 .comment       0x0000000000000050       0x51 ./Core/Src/components/stm32main.o
 .comment       0x0000000000000050       0x51 ./Core/Src/components/timers.o
 .comment       0x0000000000000050       0x51 ./Core/Src/main.o
 .comment       0x0000000000000050       0x51 ./Core/Src/stm32f4xx_hal_msp.o
 .comment       0x0000000000000050       0x51 ./Core/Src/stm32f4xx_it.o
 .comment       0x0000000000000050       0x51 ./Core/Src/sysmem.o
 .comment       0x0000000000000050       0x51 ./Core/Src/system_stm32f4xx.o
 .comment       0x0000000000000050       0x51 ./Drivers/STM32F4xx_HAL_Driver/Src/stm32f4xx_hal.o
 .comment       0x0000000000000050       0x51 ./Drivers/STM32F4xx_HAL_Driver/Src/stm32f4xx_hal_adc.o
 .comment       0x0000000000000050       0x51 ./Drivers/STM32F4xx_HAL_Driver/Src/stm32f4xx_hal_adc_ex.o
 .comment       0x0000000000000050       0x51 ./Drivers/STM32F4xx_HAL_Driver/Src/stm32f4xx_hal_cortex.o
 .comment       0x0000000000000050       0x51 ./Drivers/STM32F4xx_HAL_Driver/Src/stm32f4xx_hal_dma.o
 .comment       0x0000000000000050       0x51 ./Drivers/STM32F4xx_HAL_Driver/Src/stm32f4xx_hal_gpio.o
 .comment       0x0000000000000050       0x51 ./Drivers/STM32F4xx_HAL_Driver/Src/stm32f4xx_hal_i2c.o
 .comment       0x0000000000000050       0x51 ./Drivers/STM32F4xx_HAL_Driver/Src/stm32f4xx_hal_rcc.o
 .comment       0x0000000000000050       0x51 ./Drivers/STM32F4xx_HAL_Driver/Src/stm32f4xx_hal_tim.o
 .comment       0x0000000000000050       0x51 ./Drivers/STM32F4xx_HAL_Driver/Src/stm32f4xx_hal_tim_ex.o
 .comment       0x0000000000000050       0x51 ./Drivers/STM32F4xx_HAL_Driver/Src/stm32f4xx_hal_uart.o

.debug_frame    0x0000000000000000      0x3d0
 .debug_frame   0x0000000000000000       0x20 /Applications/STM32CubeIDE.app/Contents/Eclipse/plugins/com.st.stm32cube.ide.mcu.externaltools.gnu-tools-for-stm32.10.3-2021.10.macos64_1.0.100.202210260954/tools/bin/../lib/gcc/arm-none-eabi/10.3.1/../../../../arm-none-eabi/lib/thumb/v7e-m+fp/hard/libc_nano.a(lib_a-errno.o)
 .debug_frame   0x0000000000000020       0x2c /Applications/STM32CubeIDE.app/Contents/Eclipse/plugins/com.st.stm32cube.ide.mcu.externaltools.gnu-tools-for-stm32.10.3-2021.10.macos64_1.0.100.202210260954/tools/bin/../lib/gcc/arm-none-eabi/10.3.1/../../../../arm-none-eabi/lib/thumb/v7e-m+fp/hard/libc_nano.a(lib_a-init.o)
 .debug_frame   0x000000000000004c       0x30 /Applications/STM32CubeIDE.app/Contents/Eclipse/plugins/com.st.stm32cube.ide.mcu.externaltools.gnu-tools-for-stm32.10.3-2021.10.macos64_1.0.100.202210260954/tools/bin/../lib/gcc/arm-none-eabi/10.3.1/../../../../arm-none-eabi/lib/thumb/v7e-m+fp/hard/libc_nano.a(lib_a-malloc.o)
 .debug_frame   0x000000000000007c       0x20 /Applications/STM32CubeIDE.app/Contents/Eclipse/plugins/com.st.stm32cube.ide.mcu.externaltools.gnu-tools-for-stm32.10.3-2021.10.macos64_1.0.100.202210260954/tools/bin/../lib/gcc/arm-none-eabi/10.3.1/../../../../arm-none-eabi/lib/thumb/v7e-m+fp/hard/libc_nano.a(lib_a-memset.o)
 .debug_frame   0x000000000000009c       0x4c /Applications/STM32CubeIDE.app/Contents/Eclipse/plugins/com.st.stm32cube.ide.mcu.externaltools.gnu-tools-for-stm32.10.3-2021.10.macos64_1.0.100.202210260954/tools/bin/../lib/gcc/arm-none-eabi/10.3.1/../../../../arm-none-eabi/lib/thumb/v7e-m+fp/hard/libc_nano.a(lib_a-nano-mallocr.o)
 .debug_frame   0x00000000000000e8       0x2c /Applications/STM32CubeIDE.app/Contents/Eclipse/plugins/com.st.stm32cube.ide.mcu.externaltools.gnu-tools-for-stm32.10.3-2021.10.macos64_1.0.100.202210260954/tools/bin/../lib/gcc/arm-none-eabi/10.3.1/../../../../arm-none-eabi/lib/thumb/v7e-m+fp/hard/libc_nano.a(lib_a-sbrkr.o)
 .debug_frame   0x0000000000000114       0x30 /Applications/STM32CubeIDE.app/Contents/Eclipse/plugins/com.st.stm32cube.ide.mcu.externaltools.gnu-tools-for-stm32.10.3-2021.10.macos64_1.0.100.202210260954/tools/bin/../lib/gcc/arm-none-eabi/10.3.1/../../../../arm-none-eabi/lib/thumb/v7e-m+fp/hard/libc_nano.a(lib_a-mlock.o)
 .debug_frame   0x0000000000000144       0x5c /Applications/STM32CubeIDE.app/Contents/Eclipse/plugins/com.st.stm32cube.ide.mcu.externaltools.gnu-tools-for-stm32.10.3-2021.10.macos64_1.0.100.202210260954/tools/bin/../lib/gcc/arm-none-eabi/10.3.1/../../../../arm-none-eabi/lib/thumb/v7e-m+fp/hard/libc_nano.a(lib_a-reent.o)
 .debug_frame   0x00000000000001a0       0xb0 /Applications/STM32CubeIDE.app/Contents/Eclipse/plugins/com.st.stm32cube.ide.mcu.externaltools.gnu-tools-for-stm32.10.3-2021.10.macos64_1.0.100.202210260954/tools/bin/../lib/gcc/arm-none-eabi/10.3.1/../../../../arm-none-eabi/lib/thumb/v7e-m+fp/hard/libc_nano.a(lib_a-lock.o)
 .debug_frame   0x0000000000000250       0xac /Applications/STM32CubeIDE.app/Contents/Eclipse/plugins/com.st.stm32cube.ide.mcu.externaltools.gnu-tools-for-stm32.10.3-2021.10.macos64_1.0.100.202210260954/tools/bin/../lib/gcc/arm-none-eabi/10.3.1/thumb/v7e-m+fp/hard/libgcc.a(_arm_addsubdf3.o)
 .debug_frame   0x00000000000002fc       0x50 /Applications/STM32CubeIDE.app/Contents/Eclipse/plugins/com.st.stm32cube.ide.mcu.externaltools.gnu-tools-for-stm32.10.3-2021.10.macos64_1.0.100.202210260954/tools/bin/../lib/gcc/arm-none-eabi/10.3.1/thumb/v7e-m+fp/hard/libgcc.a(_arm_muldivdf3.o)
 .debug_frame   0x000000000000034c       0x24 /Applications/STM32CubeIDE.app/Contents/Eclipse/plugins/com.st.stm32cube.ide.mcu.externaltools.gnu-tools-for-stm32.10.3-2021.10.macos64_1.0.100.202210260954/tools/bin/../lib/gcc/arm-none-eabi/10.3.1/thumb/v7e-m+fp/hard/libgcc.a(_arm_fixunsdfsi.o)
 .debug_frame   0x0000000000000370       0x2c /Applications/STM32CubeIDE.app/Contents/Eclipse/plugins/com.st.stm32cube.ide.mcu.externaltools.gnu-tools-for-stm32.10.3-2021.10.macos64_1.0.100.202210260954/tools/bin/../lib/gcc/arm-none-eabi/10.3.1/thumb/v7e-m+fp/hard/libgcc.a(_aeabi_uldivmod.o)
 .debug_frame   0x000000000000039c       0x34 /Applications/STM32CubeIDE.app/Contents/Eclipse/plugins/com.st.stm32cube.ide.mcu.externaltools.gnu-tools-for-stm32.10.3-2021.10.macos64_1.0.100.202210260954/tools/bin/../lib/gcc/arm-none-eabi/10.3.1/thumb/v7e-m+fp/hard/libgcc.a(_udivmoddi4.o)
