../Core/Src/components/masb_comm_s.c:128:15:saveByteArrayAsDoubleFromBuffer.constprop	8	static
../Core/Src/components/masb_comm_s.c:48:6:MASB_COMM_S_waitForMessage	0	static
../Core/Src/components/masb_comm_s.c:56:7:MASB_COMM_S_dataReceived	8	static
../Core/Src/components/masb_comm_s.c:68:9:MASB_COMM_S_command	0	static
../Core/Src/components/masb_comm_s.c:74:27:MASB_COMM_S_getCvConfiguration	40	static
../Core/Src/components/masb_comm_s.c:89:27:MASB_COMM_S_getCaConfiguration	16	static
../Core/Src/components/masb_comm_s.c:101:6:MASB_COMM_S_sendData	16	static
../Core/Src/components/masb_comm_s.c:117:6:HAL_UART_RxCpltCallback	0	static
